✅ Vertex AI initializing with project: ai-mall-484810
📍 Location: us-central1
✅ Vertex AI initialized successfully
🤖 Model: gemini-1.5-flash
📍 Region: us-central1
🆔 Project: ai-mall-484810
Testing Vertex AI with model: gemini-1.5-flash
GOOGLE_APPLICATION_CREDENTIALS: None set
GCP_PROJECT_ID: ai-mall-484810
Sending message...
node : FAILED: 
[VertexAI.GoogleAuthError]: 
At line:1 char:1
+ node test-vertex-hire.js > 
test_output.txt 2>&1
+ ~~~~~~~~~~~~~~~~~~~~~~~~~~~
~~~~~~~~~~~~~~~~~~~~
    + CategoryInfo           
   : NotSpecified: (FAILED:  
   [VertexAI.GoogleAuthErr   
 or]: :String) [], Remote    
Exception
    + FullyQualifiedErrorId  
   : NativeCommandError
 
Unable to authenticate your 
request        
Depending on your run time 
environment, you can get 
authentication by        
- if in local instance or 
cloud shell: `!gcloud auth 
login`        
- if in Colab:        
    -`from google.colab 
import auth`        
    
-`auth.authenticate_user()`  
      
- if in service account or 
other: please follow 
guidance in https://cloud.goo
gle.com/docs/authentication
Error Name: GoogleAuthError
Full Error: GoogleAuthError: 
[VertexAI.GoogleAuthError]: 
Unable to authenticate your 
request        
Depending on your run time 
environment, you can get 
authentication by        
- if in local instance or 
cloud shell: `!gcloud auth 
login`        
- if in Colab:        
    -`from google.colab 
import auth`        
    
-`auth.authenticate_user()`  
      
- if in service account or 
other: please follow 
guidance in https://cloud.goo
gle.com/docs/authentication
    at E:\hire\Backend\node_m
odules\@google-cloud\vertexai
\build\src\models\chat_sessio
n.js:208:19
    at process.processTicksAn
dRejections (node:internal/pr
ocess/task_queues:105:5)
    at async generateContent 
(E:\hire\Backend\node_modules
\@google-cloud\vertexai\build
\src\functions\generate_conte
nt.js:51:16)
    at async ChatSessionPrevi
ew.sendMessage (E:\hire\Backe
nd\node_modules\@google-cloud
\vertexai\build\src\models\ch
at_session.js:242:39)
    at async testVertex (file
:///E:/hire/Backend/test-vert
ex-hire.js:15:24) {
  stackTrace: GaxiosError: {"
error":"invalid_grant","error
_description":"reauth 
related error (invalid_rapt)"
,"error_uri":"https://support
.google.com/a/answer/9368756"
,"error_subtype":"invalid_rap
t"}
      at Gaxios._request (E:\
hire\Backend\node_modules\@go
ogle-cloud\vertexai\node_modu
les\gaxios\build\src\gaxios.j
s:142:23)
      at process.processTicks
AndRejections (node:internal/
process/task_queues:105:5)
      at async UserRefreshCli
ent.refreshTokenNoCache (E:\h
ire\Backend\node_modules\@goo
gle-cloud\vertexai\node_modul
es\google-auth-library\build\
src\auth\oauth2client.js:212:
19)
      at async UserRefreshCli
ent.refreshAccessTokenAsync (
E:\hire\Backend\node_modules\
@google-cloud\vertexai\node_m
odules\google-auth-library\bu
ild\src\auth\oauth2client.js:
247:19)
      at async UserRefreshCli
ent.getAccessTokenAsync (E:\h
ire\Backend\node_modules\@goo
gle-cloud\vertexai\node_modul
es\google-auth-library\build\
src\auth\oauth2client.js:276:
23)
      at async 
GoogleAuth.getAccessToken (E:
\hire\Backend\node_modules\@g
oogle-cloud\vertexai\node_mod
ules\google-auth-library\buil
d\src\auth\googleauth.js:723:
17)
      at async 
generateContent (E:\hire\Back
end\node_modules\@google-clou
d\vertexai\build\src\function
s\generate_content.js:51:16)
      at async ChatSessionPre
view.sendMessage (E:\hire\Bac
kend\node_modules\@google-clo
ud\vertexai\build\src\models\
chat_session.js:242:39)
      at async testVertex (fi
le:///E:/hire/Backend/test-ve
rtex-hire.js:15:24) {
    config: {
      retry: true,
      retryConfig: [Object],
      method: 'POST',
      url: 'https://oauth2.go
ogleapis.com/token',
      data: '<<REDACTED> - 
See `errorRedactor` option 
in `gaxios` for 
configuration>.',
      headers: [Object],
      paramsSerializer: 
[Function: paramsSerializer],
      body: '<<REDACTED> - 
See `errorRedactor` option 
in `gaxios` for 
configuration>.',
      validateStatus: 
[Function: validateStatus],
      responseType: 
'unknown',
      errorRedactor: 
[Function: 
defaultErrorRedactor]
    },
    response: {
      config: [Object],
      data: [Object],
      headers: [Object],
      status: 400,
      statusText: 'Bad 
Request',
      request: [Object]
    },
    error: undefined,
    status: 400,
    [Symbol(gaxios-gaxios-err
or)]: '6.7.1'
  },
  [cause]: GaxiosError: {"err
or":"invalid_grant","error_de
scription":"reauth related 
error (invalid_rapt)","error_
uri":"https://support.google.
com/a/answer/9368756","error_
subtype":"invalid_rapt"}
      at Gaxios._request (E:\
hire\Backend\node_modules\@go
ogle-cloud\vertexai\node_modu
les\gaxios\build\src\gaxios.j
s:142:23)
      at process.processTicks
AndRejections (node:internal/
process/task_queues:105:5)
      at async UserRefreshCli
ent.refreshTokenNoCache (E:\h
ire\Backend\node_modules\@goo
gle-cloud\vertexai\node_modul
es\google-auth-library\build\
src\auth\oauth2client.js:212:
19)
      at async UserRefreshCli
ent.refreshAccessTokenAsync (
E:\hire\Backend\node_modules\
@google-cloud\vertexai\node_m
odules\google-auth-library\bu
ild\src\auth\oauth2client.js:
247:19)
      at async UserRefreshCli
ent.getAccessTokenAsync (E:\h
ire\Backend\node_modules\@goo
gle-cloud\vertexai\node_modul
es\google-auth-library\build\
src\auth\oauth2client.js:276:
23)
      at async 
GoogleAuth.getAccessToken (E:
\hire\Backend\node_modules\@g
oogle-cloud\vertexai\node_mod
ules\google-auth-library\buil
d\src\auth\googleauth.js:723:
17)
      at async 
generateContent (E:\hire\Back
end\node_modules\@google-clou
d\vertexai\build\src\function
s\generate_content.js:51:16)
      at async ChatSessionPre
view.sendMessage (E:\hire\Bac
kend\node_modules\@google-clo
ud\vertexai\build\src\models\
chat_session.js:242:39)
      at async testVertex (fi
le:///E:/hire/Backend/test-ve
rtex-hire.js:15:24) {
    config: {
      retry: true,
      retryConfig: [Object],
      method: 'POST',
      url: 'https://oauth2.go
ogleapis.com/token',
      data: '<<REDACTED> - 
See `errorRedactor` option 
in `gaxios` for 
configuration>.',
      headers: [Object],
      paramsSerializer: 
[Function: paramsSerializer],
      body: '<<REDACTED> - 
See `errorRedactor` option 
in `gaxios` for 
configuration>.',
      validateStatus: 
[Function: validateStatus],
      responseType: 
'unknown',
      errorRedactor: 
[Function: 
defaultErrorRedactor]
    },
    response: {
      config: [Object],
      data: [Object],
      headers: [Object],
      status: 400,
      statusText: 'Bad 
Request',
      request: [Object]
    },
    error: undefined,
    status: 400,
    [Symbol(gaxios-gaxios-err
or)]: '6.7.1'
  }
}
